{
  message: 'database connected',
  level: 'info',
  service: 'user-service',
  label: 'Authentication',
  timestamp: '2025-01-20T15:31:18.973Z'
}
{
  message: 'Application app listening on port 5000',
  level: 'info',
  service: 'user-service',
  label: 'Authentication',
  timestamp: '2025-01-20T15:31:19.015Z'
}
{
  message: 'database connected',
  level: 'info',
  service: 'user-service',
  label: 'Authentication',
  timestamp: '2025-01-20T15:42:02.723Z'
}
{
  message: 'Application app listening on port 5000',
  level: 'info',
  service: 'user-service',
  label: 'Authentication',
  timestamp: '2025-01-20T15:42:02.730Z'
}
{
  message: 'database connected',
  level: 'info',
  service: 'user-service',
  label: 'Authentication',
  timestamp: '2025-01-20T15:42:49.692Z'
}
{
  message: 'Application app listening on port 5000',
  level: 'info',
  service: 'user-service',
  label: 'Authentication',
  timestamp: '2025-01-20T15:42:49.705Z'
}
{
  message: 'database connected',
  level: 'info',
  service: 'user-service',
  label: 'Authentication',
  timestamp: '2025-01-20T15:43:14.069Z'
}
{
  message: 'Application app listening on port 5000',
  level: 'info',
  service: 'user-service',
  label: 'Authentication',
  timestamp: '2025-01-20T15:43:14.076Z'
}
{
  message: 'database connected',
  level: 'info',
  service: 'user-service',
  label: 'Authentication',
  timestamp: '2025-01-20T15:43:37.905Z'
}
{
  message: 'Application app listening on port 5000',
  level: 'info',
  service: 'user-service',
  label: 'Authentication',
  timestamp: '2025-01-20T15:43:37.922Z'
}
{
  message: 'database connected',
  level: 'info',
  service: 'user-service',
  label: 'Authentication',
  timestamp: '2025-01-20T15:44:06.757Z'
}
{
  message: 'Application app listening on port 5000',
  level: 'info',
  service: 'user-service',
  label: 'Authentication',
  timestamp: '2025-01-20T15:44:06.766Z'
}
{
  message: 'database connected',
  level: 'info',
  service: 'user-service',
  label: 'Authentication',
  timestamp: '2025-01-20T15:45:18.385Z'
}
{
  message: 'Application app listening on port 5000',
  level: 'info',
  service: 'user-service',
  label: 'Authentication',
  timestamp: '2025-01-20T15:45:18.405Z'
}
{
  message: 'database connected',
  level: 'info',
  service: 'user-service',
  label: 'Authentication',
  timestamp: '2025-01-20T15:45:43.424Z'
}
{
  message: 'Application app listening on port 5000',
  level: 'info',
  service: 'user-service',
  label: 'Authentication',
  timestamp: '2025-01-20T15:45:43.435Z'
}
{
  message: 'database connected',
  level: 'info',
  service: 'user-service',
  label: 'Authentication',
  timestamp: '2025-01-20T15:50:54.276Z'
}
{
  message: 'Application app listening on port 5000',
  level: 'info',
  service: 'user-service',
  label: 'Authentication',
  timestamp: '2025-01-20T15:50:54.291Z'
}
{
  message: 'database connected',
  level: 'info',
  service: 'user-service',
  label: 'Authentication',
  timestamp: '2025-01-20T15:51:44.304Z'
}
{
  message: 'Application app listening on port 5000',
  level: 'info',
  service: 'user-service',
  label: 'Authentication',
  timestamp: '2025-01-20T15:51:44.317Z'
}
{
  message: 'database connected',
  level: 'info',
  service: 'user-service',
  label: 'Authentication',
  timestamp: '2025-01-20T15:52:31.752Z'
}
{
  message: 'Application app listening on port 5000',
  level: 'info',
  service: 'user-service',
  label: 'Authentication',
  timestamp: '2025-01-20T15:52:31.763Z'
}
{
  message: 'database connected',
  level: 'info',
  service: 'user-service',
  label: 'Authentication',
  timestamp: '2025-01-20T15:52:43.532Z'
}
{
  message: 'Application app listening on port 5000',
  level: 'info',
  service: 'user-service',
  label: 'Authentication',
  timestamp: '2025-01-20T15:52:43.543Z'
}
{
  message: 'database connected',
  level: 'info',
  service: 'user-service',
  label: 'Authentication',
  timestamp: '2025-01-20T15:52:52.641Z'
}
{
  message: 'Application app listening on port 5000',
  level: 'info',
  service: 'user-service',
  label: 'Authentication',
  timestamp: '2025-01-20T15:52:52.651Z'
}
{
  message: 'database connected',
  level: 'info',
  service: 'user-service',
  label: 'Authentication',
  timestamp: '2025-01-20T15:54:42.219Z'
}
{
  message: 'Application app listening on port 5000',
  level: 'info',
  service: 'user-service',
  label: 'Authentication',
  timestamp: '2025-01-20T15:54:42.226Z'
}
{
  message: 'database connected',
  level: 'info',
  service: 'user-service',
  label: 'Authentication',
  timestamp: '2025-01-20T15:54:52.389Z'
}
{
  message: 'Application app listening on port 5000',
  level: 'info',
  service: 'user-service',
  label: 'Authentication',
  timestamp: '2025-01-20T15:54:52.403Z'
}
{
  message: 'database connected',
  level: 'info',
  service: 'user-service',
  label: 'Authentication',
  timestamp: '2025-01-20T15:55:06.620Z'
}
{
  message: 'Application app listening on port 5000',
  level: 'info',
  service: 'user-service',
  label: 'Authentication',
  timestamp: '2025-01-20T15:55:06.627Z'
}
{
  message: 'database connected',
  level: 'info',
  service: 'user-service',
  label: 'Authentication',
  timestamp: '2025-01-20T15:55:39.408Z'
}
{
  message: 'Application app listening on port 5000',
  level: 'info',
  service: 'user-service',
  label: 'Authentication',
  timestamp: '2025-01-20T15:55:39.418Z'
}
{
  message: 'database connected',
  level: 'info',
  service: 'user-service',
  label: 'Authentication',
  timestamp: '2025-01-20T15:55:52.789Z'
}
{
  message: 'Application app listening on port 5000',
  level: 'info',
  service: 'user-service',
  label: 'Authentication',
  timestamp: '2025-01-20T15:55:52.795Z'
}
{
  message: 'database connected',
  level: 'info',
  service: 'user-service',
  label: 'Authentication',
  timestamp: '2025-01-20T15:56:30.656Z'
}
{
  message: 'Application app listening on port 5000',
  level: 'info',
  service: 'user-service',
  label: 'Authentication',
  timestamp: '2025-01-20T15:56:30.661Z'
}
{
  message: 'database connected',
  level: 'info',
  service: 'user-service',
  label: 'Authentication',
  timestamp: '2025-01-20T15:56:35.473Z'
}
{
  message: 'Application app listening on port 5000',
  level: 'info',
  service: 'user-service',
  label: 'Authentication',
  timestamp: '2025-01-20T15:56:35.480Z'
}
{
  message: 'database connected',
  level: 'info',
  service: 'user-service',
  label: 'Authentication',
  timestamp: '2025-01-20T15:58:33.217Z'
}
{
  message: 'Application app listening on port 5000',
  level: 'info',
  service: 'user-service',
  label: 'Authentication',
  timestamp: '2025-01-20T15:58:33.236Z'
}
{
  message: 'database connected',
  level: 'info',
  service: 'user-service',
  label: 'Authentication',
  timestamp: '2025-01-20T15:58:49.701Z'
}
{
  message: 'Application app listening on port 5000',
  level: 'info',
  service: 'user-service',
  label: 'Authentication',
  timestamp: '2025-01-20T15:58:49.711Z'
}
{
  message: 'database connected',
  level: 'info',
  service: 'user-service',
  label: 'Authentication',
  timestamp: '2025-01-20T15:59:09.538Z'
}
{
  message: 'Application app listening on port 5000',
  level: 'info',
  service: 'user-service',
  label: 'Authentication',
  timestamp: '2025-01-20T15:59:09.547Z'
}
{
  message: 'database connected',
  level: 'info',
  service: 'user-service',
  label: 'Authentication',
  timestamp: '2025-01-20T15:59:35.101Z'
}
{
  message: 'Application app listening on port 5000',
  level: 'info',
  service: 'user-service',
  label: 'Authentication',
  timestamp: '2025-01-20T15:59:35.111Z'
}
{
  message: 'database connected',
  level: 'info',
  service: 'user-service',
  label: 'Authentication',
  timestamp: '2025-01-20T15:59:43.555Z'
}
{
  message: 'Application app listening on port 5000',
  level: 'info',
  service: 'user-service',
  label: 'Authentication',
  timestamp: '2025-01-20T15:59:43.565Z'
}
