{
  message: 'database connected',
  level: 'info',
  service: 'user-service',
  label: 'Authentication',
  timestamp: '2025-01-13T16:24:45.154Z'
}
{
  message: 'Application app listening on port 5000',
  level: 'info',
  service: 'user-service',
  label: 'Authentication',
  timestamp: '2025-01-13T16:24:45.169Z'
}
{
  message: 'database connected',
  level: 'info',
  service: 'user-service',
  label: 'Authentication',
  timestamp: '2025-01-13T16:27:50.990Z'
}
{
  message: 'Application app listening on port 5000',
  level: 'info',
  service: 'user-service',
  label: 'Authentication',
  timestamp: '2025-01-13T16:27:50.999Z'
}
